// Jest Snapshot v1, https://goo.gl/fbAQLP

exports[`<Header /> snapshot test /drinks 1`] = `
ShallowWrapper {
  Symbol(enzyme.__root__): [Circular],
  Symbol(enzyme.__unrendered__): <MemoryRouter
    initialEntries={
        Array [
            "/drinks/1",
          ]
    }
>
    <WithStyles(withRouter(Header)) />
</MemoryRouter>,
  Symbol(enzyme.__renderer__): Object {
    "batchedUpdates": [Function],
    "getNode": [Function],
    "render": [Function],
    "simulateEvent": [Function],
    "unmount": [Function],
  },
  Symbol(enzyme.__node__): Object {
    "instance": null,
    "key": undefined,
    "nodeType": "class",
    "props": Object {
      "children": <WithStyles(withRouter(Header)) />,
      "history": Object {
        "action": "POP",
        "block": [Function],
        "canGo": [Function],
        "createHref": [Function],
        "entries": Array [
          Object {
            "hash": "",
            "key": "hv6ixf",
            "pathname": "/drinks/1",
            "search": "",
            "state": undefined,
          },
        ],
        "go": [Function],
        "goBack": [Function],
        "goForward": [Function],
        "index": 0,
        "length": 1,
        "listen": [Function],
        "location": Object {
          "hash": "",
          "key": "hv6ixf",
          "pathname": "/drinks/1",
          "search": "",
          "state": undefined,
        },
        "push": [Function],
        "replace": [Function],
      },
    },
    "ref": null,
    "rendered": Object {
      "instance": null,
      "key": undefined,
      "nodeType": "class",
      "props": Object {},
      "ref": null,
      "rendered": null,
      "type": [Function],
    },
    "type": [Function],
  },
  Symbol(enzyme.__nodes__): Array [
    Object {
      "instance": null,
      "key": undefined,
      "nodeType": "class",
      "props": Object {
        "children": <WithStyles(withRouter(Header)) />,
        "history": Object {
          "action": "POP",
          "block": [Function],
          "canGo": [Function],
          "createHref": [Function],
          "entries": Array [
            Object {
              "hash": "",
              "key": "hv6ixf",
              "pathname": "/drinks/1",
              "search": "",
              "state": undefined,
            },
          ],
          "go": [Function],
          "goBack": [Function],
          "goForward": [Function],
          "index": 0,
          "length": 1,
          "listen": [Function],
          "location": Object {
            "hash": "",
            "key": "hv6ixf",
            "pathname": "/drinks/1",
            "search": "",
            "state": undefined,
          },
          "push": [Function],
          "replace": [Function],
        },
      },
      "ref": null,
      "rendered": Object {
        "instance": null,
        "key": undefined,
        "nodeType": "class",
        "props": Object {},
        "ref": null,
        "rendered": null,
        "type": [Function],
      },
      "type": [Function],
    },
  ],
  Symbol(enzyme.__options__): Object {
    "adapter": ReactSixteenAdapter {
      "options": Object {
        "enableComponentDidUpdateOnSetState": true,
        "lifecycles": Object {
          "componentDidUpdate": Object {
            "onSetState": true,
          },
          "getSnapshotBeforeUpdate": true,
        },
      },
    },
    "attachTo": undefined,
    "context": Object {},
    "hydrateIn": undefined,
  },
}
`;
